{
  "dialogues": 500,
  "segments": 6000,
  "mean_words": 228.6,
  "min_words": 213,
  "max_words": 260,
  "max_segment": 33,
  "local_errors": [
    "exact D003/D005: 我記錯咗，講緊呢次登記先啱",
    "exact D009/D014: 付款嗰份喺手，係咪就可以",
    "exact D013/D016: 唔係呀，呢單投訴嗰句我要改返",
    "exact D017/D022: 我攞住付款嗰份，下一份要咩",
    "exact D021/D025: 講返份工嗰邊，我應該跟邊樣",
    "exact D026/D032: 嗰份證明喺手，係咪就可以",
    "exact D029/D032: 等等，頭先醫療嗰邊個次序唔啱",
    "exact D013/D035: 我攞住份收據，下一份要咩",
    "exact D032/D036: 講返醫療嗰邊，我應該跟邊樣",
    "exact D040/D042: 嗰封信已經有，仲欠咩呀",
    "exact D008/D043: 我攞住手頭資料，下一份要咩",
    "exact D034/D045: 我手頭係嗰封信，要唔要再補",
    "exact D007/D051: 我手頭係份文件，要唔要再補",
    "exact D049/D051: 如果呢次聆訊卡住，聆訊照唔照行",
    "exact D036/D052: 份通知喺手，係咪就可以",
    "exact D054/D056: 呢次服務嗰邊，點樣先算啱",
    "exact D021/D057: 講證明，我得份文件，得唔得",
    "exact D004/D059: 我攞住留底嗰份，下一份要咩",
    "exact D058/D061: 嗰份證明已經有，仲欠咩呀",
    "exact D061/D064: 嗰份證明已經有，仲欠咩呀",
    "exact D064/D067: 等陣，入學嗰邊我頭先講反咗",
    "exact D065/D068: 學校嗰邊我有個位唔明，點計",
    "exact D035/D071: 我攞住份收據，下一份要咩",
    "exact D070/D073: 唔係呀，個戶口嗰句我要改返",
    "exact D066/D076: 我攞住份通知，下一份要咩",
    "exact D084/D086: 我想分清租屋嗰邊要做咩",
    "exact D085/D086: 等陣，租務嗰邊我頭先講反咗",
    "exact D074/D088: 我留低嗰份已經有，仲欠咩呀",
    "exact D042/D091: 嗰封信已經有，仲欠咩呀",
    "exact D014/D093: 付款嗰份喺手，係咪就可以",
    "exact D060/D097: 份文件喺手，係咪就可以",
    "exact D046/D100: 份文件已經有，仲欠咩呀",
    "exact D119/D120: 等陣，上次仲有我留低嗰份未講",
    "exact D119/D123: 份工嗰邊今次個講法變咗",
    "exact D120/D125: 今次出糧嗰邊兩次答案唔同嘛",
    "exact D101/D126: 我記漏咗手頭資料，要補一句",
    "exact D137/D144: 我再問定居嗰邊，因為前後唔同㗎",
    "exact D140/D145: 我記漏咗嗰封信，要補一句",
    "exact D123/D146: 等陣，上次仲有份文件未講",
    "exact D147/D148: 個程序今次個講法變咗",
    "exact D126/D154: 我記漏咗手頭資料，要補一句",
    "exact D135/D156: 個預約同上次唔同，我想對返",
    "exact D130/D157: 等陣，上次仲有手頭資料未講",
    "exact D154/D158: 我記漏咗手頭資料，要補一句",
    "exact D150/D159: 講返份紀錄，上次嗰份收咗未",
    "exact D121/D160: 份文件上次交過，我想知收妥未",
    "exact D133/D163: 我頭先漏咗份通知，今次補返㗎",
    "exact D162/D165: 講返修讀嗰邊，新回覆有出入㗎",
    "exact D172/D173: 銀行紀錄而家照做，定等個戶口",
    "exact D157/D175: 等陣，上次仲有手頭資料未講",
    "exact D139/D180: 書面嗰份之前已交，今次使唔使帶",
    "exact D138/D180: 我頭先漏咗書面嗰份，今次補返",
    "exact D178/D183: 嗰張單上次交過，我想知收妥未",
    "exact D179/D184: 交租而家照做，定等租務嗰邊",
    "exact D136/D191: 書面嗰份上次交過，我想知收妥未",
    "exact D110/D193: 講返付款嗰份，上次嗰份收咗未",
    "exact D193/D194: 我頭先漏咗嗰張單，今次補返",
    "exact D161/D196: 上次畀咗份文件，系統有冇見到",
    "exact D158/D196: 我記漏咗手頭資料，要補一句",
    "exact D196/D197: 我記漏咗手頭資料，要補一句",
    "exact D105/D198: 我記漏咗系統嗰份，要補一句嘞",
    "exact D111/D199: 我頭先漏咗付款嗰份，今次補返呀",
    "exact D201/D206: 我見寫低嗰日有兩個版本，點跟",
    "exact D210/D216: 唔係呀，今次要對份收據",
    "exact D210/D220: 嗰個日子前後唔一樣，要改邊份",
    "exact D212/D235: 個時間前後唔一樣，要改邊份",
    "exact D222/D235: 嗰張單有兩份，係咪揀最新嗰份",
    "exact D224/D236: 唔係嗰樣，我講緊嗰封信㗎",
    "exact D222/D238: 文件同嗰個日子打交叉，我想分清",
    "exact D232/D241: 我手上手頭資料對唔齊，點處理",
    "exact D235/D241: 個時間前後唔一樣，要改邊份",
    "exact D232/D241: 唔係呀，今次要對份文件",
    "exact D229/D246: 講個時間，我手上兩份對唔上呀",
    "exact D226/D246: 講證明，嗰份證明前後有變，點算",
    "exact D243/D247: 文件同個時間打交叉，我想分清",
    "exact D238/D248: 我頭先撈亂咗，係書面嗰份嗰份喇",
    "exact D237/D252: 我見個時間有兩個版本，點跟",
    "exact D242/D253: 寫低嗰日嗰點有出入，應該信邊份",
    "exact D202/D254: 嗰份證明唔一致，我使唔使先更正喇",
    "exact D243/D258: 嗰份證明唔一致，我使唔使先更正"
  ]
}
