{
  "dialogues": 500,
  "segments": 6000,
  "mean_words": 225.4,
  "min_words": 210,
  "max_words": 267,
  "max_segment": 33,
  "local_errors": [
    "exact D001/D101: 嘅獨資經營登記我記住",
    "exact D002/D102: 登記嘅商業名稱我記住",
    "exact D003/D103: 服務稅登記問題我記住",
    "exact D004/D104: 客戶發票問題我記住",
    "exact D005/D105: 季業務活動報表我記住",
    "exact D006/D106: 資經營轉做公司我記住",
    "exact D007/D107: 末市集攤位申請我記住",
    "exact D008/D108: 供應商戶口申請我記住",
    "exact D009/D109: 雪櫃故障投訴我記住",
    "exact D010/D110: 二手車商投訴我記住",
    "exact D011/D111: 收到嘅網購訂單我記住",
    "exact D012/D112: 身中心會籍取消我記住",
    "exact D013/D113: 機計劃賬單爭議我記住",
    "exact D014/D114: 家居裝修賬單我記住",
    "exact D015/D115: 旅行團後嘅退款我記住",
    "exact D016/D116: 常高嘅電費賬單我記住",
    "exact D017/D117: 僱員工資率查詢我記住",
    "exact D018/D118: 週末更份薪酬我記住",
    "exact D019/D119: 職位分類我記住",
    "exact D020/D120: 年假申請我記住",
    "exact D021/D121: 最近病假缺勤我記住",
    "exact D022/D122: 欠交退休金供款我記住",
    "exact D024/D124: 最近被解僱我記住",
    "exact D025/D125: 彈性工作申請我記住",
    "exact D026/D126: 新工出糧文件我記住",
    "exact D027/D127: 通科醫生診症費我記住",
    "exact D028/D128: 專科轉介我記住",
    "exact D029/D129: 病理化驗要求我記住",
    "exact D030/D130: 昂貴處方藥我記住",
    "exact D031/D131: 即日醫療選擇我記住",
    "exact D032/D132: 牙科治療報價我記住",
    "exact D033/D133: 物理治療預約我記住",
    "exact D034/D134: 心理輔導轉介我記住",
    "exact D035/D135: 出院跟進指示我記住",
    "exact D036/D136: 產前診所預約我記住",
    "exact D037/D137: 簽證情況查核我記住",
    "exact D038/D138: 橋簽證情況查詢我記住",
    "exact D039/D139: 計劃出境旅行我記住",
    "exact D040/D140: 現有簽證條件我記住",
    "exact D041/D141: 新護照資料我記住",
    "exact D042/D142: 入籍預約我記住",
    "exact D043/D143: 後英文課程選擇我記住",
    "exact D044/D144: 海外學歷查詢我記住",
    "exact D045/D145: 通違規罰款通知我記住",
    "exact D046/D146: 關英文項目個案我記住",
    "exact D047/D147: 保釋報到條件我記住",
    "exact D048/D148: 取證人供詞預約我記住",
    "exact D049/D149: 庭爭議解決預約我記住",
    "exact D050/D150: 小額民事索償我記住",
    "exact D051/D151: 法律援助查詢我記住",
    "exact D052/D152: 進行嘅法院聆訊我記住",
    "exact D053/D153: 型廢物收集預約我記住",
    "exact D054/D154: 公共圖書館會籍我記住",
    "exact D055/D155: 區中心課程預約我記住",
    "exact D056/D156: 居民泊車許可證我記住",
    "exact D057/D157: 狗隻登記我記住",
    "exact D058/D158: 義工申請我記住",
    "exact D059/D159: 鄰里噪音投訴我記住",
    "exact D060/D160: 社區運動場預約我記住",
    "exact D061/D161: 友小學入學申請我記住",
    "exact D062/D162: 家長教師面談我記住",
    "exact D063/D163: 最近學校缺課我記住",
    "exact D064/D164: 托兒學位我記住",
    "exact D065/D165: 育學院課程註冊我記住",
    "exact D066/D166: 大學學費安排我記住",
    "exact D067/D167: 退科問題我記住",
    "exact D068/D168: 培訓註冊我記住",
    "exact D069/D169: 議嘅信用卡交易我記住",
    "exact D070/D170: 取消自動扣賬我記住",
    "exact D071/D171: 文項目付款問題我記住",
    "exact D072/D172: 信用卡利息收費我記住",
    "exact D073/D173: 按揭對沖戶口我記住",
    "exact D074/D174: 取多還款項要求我記住",
    "exact D075/D175: 貸款還款困難我記住",
    "exact D076/D176: 延遲退稅我記住",
    "exact D077/D177: 租屋申請我記住",
    "exact D078/D178: 入住租務文件我記住",
    "exact D079/D179: 緊急維修要求我記住",
    "exact D080/D180: 加租通知我記住",
    "exact D081/D181: 終止租約通知我記住",
    "exact D082/D182: 早離開定期租約我記住",
    "exact D083/D183: 按金退款爭議我記住",
    "exact D084/D184: 例行租屋檢查我記住",
    "exact D085/D185: 分攤電費我記住",
    "exact D086/D186: 新州租務爭議我記住",
    "exact D087/D187: 汽車保險索償我記住",
    "exact D088/D188: 後家居保險索償我記住",
    "exact D089/D189: 旅遊保險索償我記住",
    "exact D090/D190: 人醫療保險保障我記住",
    "exact D091/D191: 保險續保保費我記住",
    "exact D092/D192: 居財物盜竊索償我記住",
    "exact D093/D193: 解決嘅保險投訴我記住",
    "exact D094/D194: 英文項目報收入我記住",
    "exact D095/D195: 改返租金資料我記住",
    "exact D096/D196: 兒使用情況變更我記住",
    "exact D097/D197: 關英文項目查詢我記住",
    "exact D098/D198: 照顧者補助查詢我記住",
    "exact D099/D199: 劃計劃管理問題我記住",
    "exact D100/D200: 緊急援助要求我記住",
    "exact D101/D201: 嘅獨資經營登記我記住"
  ]
}
